[gsc-temporal] train=(30000, 200, 20) eval=(4000, 200, 20) TRAIN=jug READOUT=leaky dev=cuda
[pcn ep 0] train=0.5830 val=0.5155 moves/ep~17621 fold=sign
[pcn ep 1] train=0.6679 val=0.6203 moves/ep~11192 fold=sign
[pcn ep 2] train=0.7014 val=0.6408 moves/ep~9467 fold=sign
[pcn ep 3] train=0.7237 val=0.6773 moves/ep~8680 fold=sign
[pcn ep 4] train=0.7324 val=0.6545 moves/ep~8240 fold=sign
[pcn ep 5] train=0.7445 val=0.6810 moves/ep~7722 fold=sign
[pcn ep 6] train=0.7574 val=0.6965 moves/ep~7421 fold=sign
[pcn ep 7] train=0.7762 val=0.7025 moves/ep~7071 fold=sign
[pcn ep 8] train=0.7773 val=0.7245 moves/ep~6892 fold=sign
[pcn ep 9] train=0.7903 val=0.7060 moves/ep~6615 fold=sign
[pcn ep10] train=0.7915 val=0.6883 moves/ep~6462 fold=sign
[pcn ep11] train=0.7984 val=0.7155 moves/ep~6285 fold=sign
[pcn ep12] train=0.8084 val=0.7515 moves/ep~6195 fold=sign
[pcn ep13] train=0.8128 val=0.7410 moves/ep~5968 fold=sign
[pcn ep14] train=0.8124 val=0.7553 moves/ep~5791 fold=sign
[pcn ep15] train=0.8179 val=0.7345 moves/ep~5718 fold=sign
[pcn ep16] train=0.8203 val=0.7660 moves/ep~5560 fold=sign
[pcn ep17] train=0.8244 val=0.7580 moves/ep~5568 fold=sign
[pcn ep18] train=0.8210 val=0.7550 moves/ep~5436 fold=sign
[pcn ep19] train=0.8216 val=0.7613 moves/ep~5351 fold=sign

=== PCN JUG (forwards-only) on SNN forward, readout=leaky ===
  fold=sign per_t=True influence_n=0 error_carry_n=0 pl_buffer_n=6 delta_jug=False fold_mult=1  best val=0.7660
