[gsc-temporal] train=(84000, 200, 20) eval=(11005, 200, 20) TRAIN=jug READOUT=rate dev=cuda
[pcn ep 0] train=0.7311 val=0.7148 moves/ep~34517 fold=sign
[pcn ep 1] train=0.7594 val=0.7328 moves/ep~22182 fold=sign
[pcn ep 2] train=0.7663 val=0.7505 moves/ep~20013 fold=sign
[pcn ep 3] train=0.7760 val=0.7502 moves/ep~19046 fold=sign
[pcn ep 4] train=0.7886 val=0.7680 moves/ep~18279 fold=sign
[pcn ep 5] train=0.7830 val=0.7667 moves/ep~17924 fold=sign
[pcn ep 6] train=0.8008 val=0.7799 moves/ep~18000 fold=sign
[pcn ep 7] train=0.8001 val=0.7800 moves/ep~17671 fold=sign
[pcn ep 8] train=0.7892 val=0.7722 moves/ep~17496 fold=sign
[pcn ep 9] train=0.7805 val=0.7592 moves/ep~17570 fold=sign
[pcn ep10] train=0.7799 val=0.7578 moves/ep~17790 fold=sign
[pcn ep11] train=0.7932 val=0.7680 moves/ep~18025 fold=sign
[pcn ep12] train=0.7878 val=0.7638 moves/ep~18057 fold=sign
[pcn ep13] train=0.7901 val=0.7643 moves/ep~18216 fold=sign
[pcn ep14] train=0.7772 val=0.7502 moves/ep~18301 fold=sign
[pcn ep15] train=0.7805 val=0.7675 moves/ep~18266 fold=sign
[pcn ep16] train=0.7859 val=0.7619 moves/ep~18021 fold=sign
[pcn ep17] train=0.7798 val=0.7544 moves/ep~18390 fold=sign
[pcn ep18] train=0.7813 val=0.7566 moves/ep~18290 fold=sign
[pcn ep19] train=0.7859 val=0.7607 moves/ep~18277 fold=sign

=== PCN JUG (forwards-only) on SNN forward, readout=rate ===
  fold=sign per_t=True influence_n=0 error_carry_n=0 pl_buffer_n=8 delta_jug=False fold_mult=1  best val=0.7800
