[gsc-temporal] train=(84000, 200, 20) eval=(11005, 200, 20) TRAIN=adam READOUT=leaky dev=cuda
[adam leaky ep 0] val=0.6934 (107s)
[adam leaky ep 1] val=0.7569 (106s)
[adam leaky ep 2] val=0.7965 (109s)
[adam leaky ep 3] val=0.8184 (107s)
[adam leaky ep 4] val=0.8307 (108s)
[adam leaky ep 5] val=0.8443 (107s)
[adam leaky ep 6] val=0.8500 (109s)
[adam leaky ep 7] val=0.8505 (108s)
[adam leaky ep 8] val=0.8532 (107s)
[adam leaky ep 9] val=0.8551 (105s)
[adam leaky ep10] val=0.8565 (108s)
[adam leaky ep11] val=0.8719 (108s)
[adam leaky ep12] val=0.8697 (108s)
[adam leaky ep13] val=0.8743 (107s)
[adam leaky ep14] val=0.8699 (106s)
[adam leaky ep15] val=0.8662 (103s)
[adam leaky ep16] val=0.8653 (103s)
[adam leaky ep17] val=0.8665 (106s)
[adam leaky ep18] val=0.8810 (106s)
[adam leaky ep19] val=0.8805 (106s)

=== ADAM (BPTT) on SNN forward, readout=leaky ===
  best val=0.8810   [design target A~0.86]
